// Jest Snapshot v1, https://goo.gl/fbAQLP

exports[`<NotFound /> should render the heading 1`] = `
.c2 {
  color: #FFFFFF;
  text-align: center;
  font-size: 2.4rem;
}

.c0 {
  padding: 4.8rem 0;
}

.c1 {
  max-width: 128rem;
  width: 100%;
  margin: 0 auto;
  padding: 0 2rem;
}

@media (min-width: 768px) {
  .c2 {
    font-size: 4rem;
  }
}

<section
  class="c0"
>
  <div
    class="c1"
  >
    <h1
      class="c2 nunito"
    >
      404 - Página não encontrada
    </h1>
  </div>
</section>
`;
