// Jest Snapshot v1, https://goo.gl/fbAQLP

exports[`<Text /> should render the white text as default  1`] = `
.c0 {
  color: #FFFFFF;
  line-height: 1.7;
  font-weight: 400;
  font-size: 1.2rem;
}

<p
  class="c0"
>
  Random text
</p>
`;
